main.c:59:6:display7SEG	16	static
main.c:158:6:update7SEG	16	static
main.c:189:6:updateClockBuffer	16	static
main.c:202:6:clearAll	8	static
main.c:212:6:clearAllrow	8	static
main.c:222:6:onRow	16	static
main.c:252:6:transform	24	static
main.c:264:6:updateLEDMatrix	16	static
main.c:303:5:main	24	static
main.c:387:6:SystemClock_Config	72	static
main.c:423:13:MX_TIM2_Init	32	static
main.c:468:13:MX_GPIO_Init	32	static
main.c:517:6:HAL_TIM_PeriodElapsedCallback	16	static
main.c:526:6:Error_Handler	4	static,ignoring_inline_asm
