main.c:59:6:display7SEG	16	static
main.c:158:6:update7SEG	16	static
main.c:189:6:updateClockBuffer	16	static
main.c:203:6:clearAll	8	static
main.c:213:6:clearAllrow	8	static
main.c:223:6:onRow	16	static
main.c:253:6:transform	24	static
main.c:265:6:updateLEDMatrix	16	static
main.c:304:5:main	24	static
main.c:391:6:SystemClock_Config	72	static
main.c:427:13:MX_TIM2_Init	32	static
main.c:472:13:MX_GPIO_Init	32	static
main.c:521:6:HAL_TIM_PeriodElapsedCallback	16	static
main.c:530:6:Error_Handler	4	static,ignoring_inline_asm
